// Jest Snapshot v1, https://goo.gl/fbAQLP

exports[`<App/> shows a SampleComponent 1`] = `
<View
  style={
    Object {
      "alignItems": "center",
      "backgroundColor": "#F5FCF0",
      "flex": 1,
      "justifyContent": "center",
    }
  }
>
  <SampleComponent
    label="Click me"
    onPress={[Function]}
  />
  <Text
    style={
      Object {
        "fontSize": 20,
        "margin": 10,
        "textAlign": "center",
      }
    }
  >
    Welcome to React Native!
  </Text>
</View>
`;
